******************************************************************************
                  TI ARM Linker PC v20.2.2                     
******************************************************************************
>> Linked Wed Oct 14 19:45:23 2020

OUTPUT FILE NAME:   <Tetris.out>
ENTRY POINT SYMBOL: "_c_int00_noargs"  address: 00000629


MEMORY CONFIGURATION

         name            origin    length      used     unused   attr    fill
----------------------  --------  ---------  --------  --------  ----  --------
  MAIN                  00000000   00040000  000006be  0003f942  R  X
  INFO                  00200000   00004000  00000000  00004000  R  X
  SRAM_CODE             01000000   00010000  00000204  0000fdfc  RW X
  SRAM_DATA             20000000   00010000  00000204  0000fdfc  RW  


SEGMENT ALLOCATION MAP

run origin  load origin   length   init length attrs members
----------  ----------- ---------- ----------- ----- -------
00000000    00000000    000006c0   000006c0    r-x
  00000000    00000000    000000e4   000000e4    r-- .intvecs
  000000e4    000000e4    000005c2   000005c2    r-x .text
  000006a8    000006a8    00000018   00000018    r-- .cinit
20000000    20000000    00000004   00000000    rw-
  20000000    20000000    00000004   00000000    rw- .data
2000fe00    2000fe00    00000200   00000000    rw-
  2000fe00    2000fe00    00000200   00000000    rw- .stack


SECTION ALLOCATION MAP

 output                                  attributes/
section   page    origin      length       input sections
--------  ----  ----------  ----------   ----------------
.intvecs   0    00000000    000000e4     
                  00000000    000000e4     startup_msp432p401r_ccs.obj (.intvecs:retain)

.text      0    000000e4    000005c2     
                  000000e4    00000334     system_msp432p401r.obj (.text)
                  00000418    0000009c     rtsv7M4_T_le_v4SPD16_eabi.lib : memcpy_t2.asm.obj (.text)
                  000004b4    00000088     init.obj (.text)
                  0000053c    00000068     rtsv7M4_T_le_v4SPD16_eabi.lib : copy_decompress_lzss.c.obj (.text:decompress:lzss:__TI_decompress_lzss)
                  000005a4    00000044                                   : autoinit.c.obj (.text:__TI_auto_init_nobinit_nopinit:__TI_auto_init_nobinit_nopinit)
                  000005e8    00000040     timer.obj (.text)
                  00000628    00000034     rtsv7M4_T_le_v4SPD16_eabi.lib : boot_cortex_m.c.obj (.text:_c_int00_noargs:_c_int00_noargs)
                  0000065c    00000026     main.obj (.text)
                  00000682    0000000e     rtsv7M4_T_le_v4SPD16_eabi.lib : copy_decompress_none.c.obj (.text:decompress:none:__TI_decompress_none)
                  00000690    0000000e     startup_msp432p401r_ccs.obj (.text)
                  0000069e    00000004     rtsv7M4_T_le_v4SPD16_eabi.lib : pre_init.c.obj (.text:_system_pre_init)
                  000006a2    00000004                                   : exit.c.obj (.text:abort:abort)

.cinit     0    000006a8    00000018     
                  000006a8    00000008     (.cinit..data.load) [load image, compression = lzss]
                  000006b0    00000008     (__TI_handler_table)
                  000006b8    00000008     (__TI_cinit_table)

.init_array 
*          0    00000000    00000000     UNINITIALIZED

.binit     0    00000000    00000000     

.data      0    20000000    00000004     UNINITIALIZED
                  20000000    00000004     system_msp432p401r.obj (.data)

.stack     0    2000fe00    00000200     UNINITIALIZED
                  2000fe00    00000004     rtsv7M4_T_le_v4SPD16_eabi.lib : boot_cortex_m.c.obj (.stack)
                  2000fe04    000001fc     --HOLE--

__llvm_prf_cnts 
*          0    20000000    00000000     UNINITIALIZED

MODULE SUMMARY

       Module                        code   ro data   rw data
       ------                        ----   -------   -------
    .\
       system_msp432p401r.obj        820    0         8      
       startup_msp432p401r_ccs.obj   14     228       0      
       init.obj                      136    0         0      
       timer.obj                     64     0         0      
       main.obj                      38     0         0      
    +--+-----------------------------+------+---------+---------+
       Total:                        1072   228       8      
                                                             
    C:\ti\ccs1011\ccs\tools\compiler\ti-cgt-arm_20.2.2.LTS\lib\rtsv7M4_T_le_v4SPD16_eabi.lib
       memcpy_t2.asm.obj             156    0         0      
       copy_decompress_lzss.c.obj    104    0         0      
       autoinit.c.obj                68     0         0      
       boot_cortex_m.c.obj           52     0         0      
       copy_decompress_none.c.obj    14     0         0      
       exit.c.obj                    4      0         0      
       pre_init.c.obj                4      0         0      
    +--+-----------------------------+------+---------+---------+
       Total:                        402    0         0      
                                                             
       Stack:                        0      0         1024   
       Linker Generated:             0      24        0      
    +--+-----------------------------+------+---------+---------+
       Grand Total:                  1474   252       1032   


LINKER GENERATED COPY TABLES

__TI_cinit_table @ 000006b8 records: 1, size/record: 8, table size: 8
	.data: load addr=000006a8, load size=00000008 bytes, run addr=20000000, run size=00000004 bytes, compression=lzss


LINKER GENERATED HANDLER TABLE

__TI_handler_table @ 000006b0 records: 2, size/record: 4, table size: 8
	index: 0, handler: __TI_decompress_lzss
	index: 1, handler: __TI_decompress_none


GLOBAL SYMBOLS: SORTED ALPHABETICALLY BY Name 

address   name                          
-------   ----                          
0000069d  ADC14_IRQHandler              
0000069d  AES256_IRQHandler             
0000069d  BusFault_Handler              
000006a3  C$$EXIT                       
0000069d  COMP_E0_IRQHandler            
0000069d  COMP_E1_IRQHandler            
0000069d  CS_IRQHandler                 
000004bf  ConfigureButtonsAsInput       
000005e9  ConfigureTimer                
0000069d  DMA_ERR_IRQHandler            
0000069d  DMA_INT0_IRQHandler           
0000069d  DMA_INT1_IRQHandler           
0000069d  DMA_INT2_IRQHandler           
0000069d  DMA_INT3_IRQHandler           
0000069d  DebugMon_Handler              
0000069d  Default_Handler               
00000505  DivideSMCLK                   
0000069d  EUSCIA0_IRQHandler            
0000069d  EUSCIA1_IRQHandler            
0000069d  EUSCIA2_IRQHandler            
0000069d  EUSCIA3_IRQHandler            
0000069d  EUSCIB0_IRQHandler            
0000069d  EUSCIB1_IRQHandler            
0000069d  EUSCIB2_IRQHandler            
0000069d  EUSCIB3_IRQHandler            
000004eb  EnablePinsAsOutput            
0000069d  FLCTL_IRQHandler              
0000069d  FPU_IRQHandler                
0000069d  HardFault_Handler             
0000069d  MemManage_Handler             
0000069d  NMI_Handler                   
0000069d  PCM_IRQHandler                
0000069d  PORT1_IRQHandler              
0000069d  PORT2_IRQHandler              
0000069d  PORT3_IRQHandler              
0000069d  PORT4_IRQHandler              
0000069d  PORT5_IRQHandler              
00000681  PORT6_IRQHandler              
00000681  PORT6_IRQHandler              
0000069d  PSS_IRQHandler                
0000069d  PendSV_Handler                
0000069d  RTC_C_IRQHandler              
00000691  Reset_Handler                 
0000069d  SVC_Handler                   
00000613  StartTimer                    
000004b5  StopWatchdogTimer             
0000069d  SysTick_Handler               
20000000  SystemCoreClock               
000000e5  SystemCoreClockUpdate         
0000035d  SystemInit                    
0000069d  T32_INT1_IRQHandler           
0000069d  T32_INT2_IRQHandler           
0000069d  T32_INTC_IRQHandler           
0000067f  TA0_0_IRQHandler              
0000067f  TA0_0_IRQHandler              
0000069d  TA0_N_IRQHandler              
0000069d  TA1_0_IRQHandler              
0000069d  TA1_N_IRQHandler              
0000069d  TA2_0_IRQHandler              
0000069d  TA2_N_IRQHandler              
0000069d  TA3_0_IRQHandler              
0000069d  TA3_N_IRQHandler              
0000069d  UsageFault_Handler            
4000480c  WDTCTL_SYM                    
0000069d  WDT_A_IRQHandler              
20010000  __STACK_END                   
00000200  __STACK_SIZE                  
000006b8  __TI_CINIT_Base               
000006c0  __TI_CINIT_Limit              
000006b0  __TI_Handler_Table_Base       
000006b8  __TI_Handler_Table_Limit      
000005a5  __TI_auto_init_nobinit_nopinit
0000053d  __TI_decompress_lzss          
00000683  __TI_decompress_none          
ffffffff  __TI_pprof_out_hndl           
ffffffff  __TI_prof_data_size           
ffffffff  __TI_prof_data_start          
00000000  __TI_static_base__            
00000419  __aeabi_memcpy                
00000419  __aeabi_memcpy4               
00000419  __aeabi_memcpy8               
ffffffff  __binit__                     
ffffffff  __c_args__                    
UNDEFED   __mpu_init                    
2000fe00  __stack                       
20000000  __start___llvm_prf_cnts       
20000000  __stop___llvm_prf_cnts        
00000629  _c_int00_noargs               
UNDEFED   _system_post_cinit            
0000069f  _system_pre_init              
000006a3  abort                         
ffffffff  binit                         
00000000  interruptVectors              
0000065d  main                          
00000419  memcpy                        


GLOBAL SYMBOLS: SORTED BY Symbol Address 

address   name                          
-------   ----                          
00000000  __TI_static_base__            
00000000  interruptVectors              
000000e5  SystemCoreClockUpdate         
00000200  __STACK_SIZE                  
0000035d  SystemInit                    
00000419  __aeabi_memcpy                
00000419  __aeabi_memcpy4               
00000419  __aeabi_memcpy8               
00000419  memcpy                        
000004b5  StopWatchdogTimer             
000004bf  ConfigureButtonsAsInput       
000004eb  EnablePinsAsOutput            
00000505  DivideSMCLK                   
0000053d  __TI_decompress_lzss          
000005a5  __TI_auto_init_nobinit_nopinit
000005e9  ConfigureTimer                
00000613  StartTimer                    
00000629  _c_int00_noargs               
0000065d  main                          
0000067f  TA0_0_IRQHandler              
0000067f  TA0_0_IRQHandler              
00000681  PORT6_IRQHandler              
00000681  PORT6_IRQHandler              
00000683  __TI_decompress_none          
00000691  Reset_Handler                 
0000069d  ADC14_IRQHandler              
0000069d  AES256_IRQHandler             
0000069d  BusFault_Handler              
0000069d  COMP_E0_IRQHandler            
0000069d  COMP_E1_IRQHandler            
0000069d  CS_IRQHandler                 
0000069d  DMA_ERR_IRQHandler            
0000069d  DMA_INT0_IRQHandler           
0000069d  DMA_INT1_IRQHandler           
0000069d  DMA_INT2_IRQHandler           
0000069d  DMA_INT3_IRQHandler           
0000069d  DebugMon_Handler              
0000069d  Default_Handler               
0000069d  EUSCIA0_IRQHandler            
0000069d  EUSCIA1_IRQHandler            
0000069d  EUSCIA2_IRQHandler            
0000069d  EUSCIA3_IRQHandler            
0000069d  EUSCIB0_IRQHandler            
0000069d  EUSCIB1_IRQHandler            
0000069d  EUSCIB2_IRQHandler            
0000069d  EUSCIB3_IRQHandler            
0000069d  FLCTL_IRQHandler              
0000069d  FPU_IRQHandler                
0000069d  HardFault_Handler             
0000069d  MemManage_Handler             
0000069d  NMI_Handler                   
0000069d  PCM_IRQHandler                
0000069d  PORT1_IRQHandler              
0000069d  PORT2_IRQHandler              
0000069d  PORT3_IRQHandler              
0000069d  PORT4_IRQHandler              
0000069d  PORT5_IRQHandler              
0000069d  PSS_IRQHandler                
0000069d  PendSV_Handler                
0000069d  RTC_C_IRQHandler              
0000069d  SVC_Handler                   
0000069d  SysTick_Handler               
0000069d  T32_INT1_IRQHandler           
0000069d  T32_INT2_IRQHandler           
0000069d  T32_INTC_IRQHandler           
0000069d  TA0_N_IRQHandler              
0000069d  TA1_0_IRQHandler              
0000069d  TA1_N_IRQHandler              
0000069d  TA2_0_IRQHandler              
0000069d  TA2_N_IRQHandler              
0000069d  TA3_0_IRQHandler              
0000069d  TA3_N_IRQHandler              
0000069d  UsageFault_Handler            
0000069d  WDT_A_IRQHandler              
0000069f  _system_pre_init              
000006a3  C$$EXIT                       
000006a3  abort                         
000006b0  __TI_Handler_Table_Base       
000006b8  __TI_CINIT_Base               
000006b8  __TI_Handler_Table_Limit      
000006c0  __TI_CINIT_Limit              
20000000  SystemCoreClock               
20000000  __start___llvm_prf_cnts       
20000000  __stop___llvm_prf_cnts        
2000fe00  __stack                       
20010000  __STACK_END                   
4000480c  WDTCTL_SYM                    
ffffffff  __TI_pprof_out_hndl           
ffffffff  __TI_prof_data_size           
ffffffff  __TI_prof_data_start          
ffffffff  __binit__                     
ffffffff  __c_args__                    
ffffffff  binit                         
UNDEFED   __mpu_init                    
UNDEFED   _system_post_cinit            

[95 symbols]
